// Jest Snapshot v1, https://goo.gl/fbAQLP

exports[`Utils/Legend/Discrete/Horizontal _Simple smoke-test 1`] = `
<div class="_container_19vag_1 _horizontal_19vag_5">
  <div class="_entry_1493o_1 _horizontal_1493o_30">
    <div class="_symbol_f5unn_1"
         style="background: green;"
    >
    </div>
    <span class="_label_1493o_20">
      DLP
    </span>
  </div>
  <div class="_entry_1493o_1 _horizontal_1493o_30">
    <div class="_symbol_f5unn_1"
         style="background: blue;"
    >
    </div>
    <span class="_label_1493o_20">
      SIEM
    </span>
  </div>
  <div class="_entry_1493o_1 _horizontal_1493o_30">
    <div class="_symbol_f5unn_1"
         style="background: yellow;"
    >
    </div>
    <span class="_label_1493o_20">
      AWS
    </span>
  </div>
  <div class="_entry_1493o_1 _horizontal_1493o_30">
    <div class="_symbol_f5unn_1"
         style="background: purple;"
    >
    </div>
    <span class="_label_1493o_20">
      AD
    </span>
  </div>
</div>
`;
