// Jest Snapshot v1, https://goo.gl/fbAQLP

exports[`Utils/Count NonZeroStart smoke-test 1`] = `
<h1 style="color: white;">
  <span>
    50
  </span>
</h1>
`;

exports[`Utils/Count Simple smoke-test 1`] = `
<h1 style="color: white;">
  <span>
    50
  </span>
</h1>
`;
