// Jest Snapshot v1, https://goo.gl/fbAQLP

exports[`Utils/Axis/Radial Simple smoke-test 1`] = `
<div style="padding: 10px;">
  <svg width="600"
       height="600"
  >
    <g transform="translate(300, 300)">
      <circle fill="none"
              stroke-dasharray="1,4"
              stroke="#71808d"
              cx="0"
              cy="0"
              r="10"
              style="pointer-events: none;"
      >
      </circle>
      <circle fill="none"
              stroke-dasharray="1,4"
              stroke="#71808d"
              cx="0"
              cy="0"
              r="34.166666666666664"
              style="pointer-events: none;"
      >
      </circle>
      <circle fill="none"
              stroke-dasharray="1,4"
              stroke="#71808d"
              cx="0"
              cy="0"
              r="58.333333333333336"
              style="pointer-events: none;"
      >
      </circle>
      <circle fill="none"
              stroke-dasharray="1,4"
              stroke="#71808d"
              cx="0"
              cy="0"
              r="82.5"
              style="pointer-events: none;"
      >
      </circle>
      <circle fill="none"
              stroke-dasharray="1,4"
              stroke="#71808d"
              cx="0"
              cy="0"
              r="106.66666666666667"
              style="pointer-events: none;"
      >
      </circle>
      <circle fill="none"
              stroke-dasharray="1,4"
              stroke="#71808d"
              cx="0"
              cy="0"
              r="130.83333333333334"
              style="pointer-events: none;"
      >
      </circle>
      <circle fill="none"
              stroke-dasharray="1,4"
              stroke="#71808d"
              cx="0"
              cy="0"
              r="155"
              style="pointer-events: none;"
      >
      </circle>
      <circle fill="none"
              stroke-dasharray="1,4"
              stroke="#71808d"
              cx="0"
              cy="0"
              r="179.16666666666666"
              style="pointer-events: none;"
      >
      </circle>
      <circle fill="none"
              stroke-dasharray="1,4"
              stroke="#71808d"
              cx="0"
              cy="0"
              r="203.33333333333334"
              style="pointer-events: none;"
      >
      </circle>
      <circle fill="none"
              stroke-dasharray="1,4"
              stroke="#71808d"
              cx="0"
              cy="0"
              r="227.5"
              style="pointer-events: none;"
      >
      </circle>
      <circle fill="none"
              stroke-dasharray="1,4"
              stroke="#71808d"
              cx="0"
              cy="0"
              r="251.66666666666666"
              style="pointer-events: none;"
      >
      </circle>
      <circle fill="none"
              stroke-dasharray="1,4"
              stroke="#71808d"
              cx="0"
              cy="0"
              r="275.8333333333333"
              style="pointer-events: none;"
      >
      </circle>
      <circle fill="none"
              stroke-dasharray="1,4"
              stroke="#71808d"
              cx="0"
              cy="0"
              r="300"
              style="pointer-events: none;"
      >
      </circle>
      <g transform="rotate(-90) translate(300,0)">
        <line x1="-290"
              x2="0"
              stroke="rgba(113, 128, 141, .5)"
              style="pointer-events: none;"
        >
        </line>
        <g transform="rotate(90, 15, 0)">
          <title>
            12 AM
          </title>
          <text dy="0.35em"
                x="15"
                text-anchor="middle"
                fill="#71808d"
                font-family="sans-serif"
                font-size="11"
                startangle="0"
                endangle="6.283185307179586"
          >
            12 AM
          </text>
        </g>
      </g>
      <g transform="rotate(-60) translate(300,0)">
        <line x1="-290"
              x2="0"
              stroke="rgba(113, 128, 141, .5)"
              style="pointer-events: none;"
        >
        </line>
        <g transform="rotate(60, 15, 0)">
          <title>
            1 AM
          </title>
          <text dy="0.35em"
                x="15"
                text-anchor="start"
                fill="#71808d"
                font-family="sans-serif"
                font-size="11"
                startangle="0"
                endangle="6.283185307179586"
          >
            1 AM
          </text>
        </g>
      </g>
      <g transform="rotate(-30.000000000000007) translate(300,0)">
        <line x1="-290"
              x2="0"
              stroke="rgba(113, 128, 141, .5)"
              style="pointer-events: none;"
        >
        </line>
        <g transform="rotate(30.000000000000007, 15, 0)">
          <title>
            2 AM
          </title>
          <text dy="0.35em"
                x="15"
                text-anchor="start"
                fill="#71808d"
                font-family="sans-serif"
                font-size="11"
                startangle="0"
                endangle="6.283185307179586"
          >
            2 AM
          </text>
        </g>
      </g>
      <g transform="rotate(0) translate(300,0)">
        <line x1="-290"
              x2="0"
              stroke="rgba(113, 128, 141, .5)"
              style="pointer-events: none;"
        >
        </line>
        <g transform="rotate(0, 15, 0)">
          <title>
            3 AM
          </title>
          <text dy="0.35em"
                x="15"
                text-anchor="start"
                fill="#71808d"
                font-family="sans-serif"
                font-size="11"
                startangle="0"
                endangle="6.283185307179586"
          >
            3 AM
          </text>
        </g>
      </g>
      <g transform="rotate(29.999999999999986) translate(300,0)">
        <line x1="-290"
              x2="0"
              stroke="rgba(113, 128, 141, .5)"
              style="pointer-events: none;"
        >
        </line>
        <g transform="rotate(-29.999999999999986, 15, 0)">
          <title>
            4 AM
          </title>
          <text dy="0.35em"
                x="15"
                text-anchor="start"
                fill="#71808d"
                font-family="sans-serif"
                font-size="11"
                startangle="0"
                endangle="6.283185307179586"
          >
            4 AM
          </text>
        </g>
      </g>
      <g transform="rotate(60.00000000000003) translate(300,0)">
        <line x1="-290"
              x2="0"
              stroke="rgba(113, 128, 141, .5)"
              style="pointer-events: none;"
        >
        </line>
        <g transform="rotate(-60.00000000000003, 15, 0)">
          <title>
            5 AM
          </title>
          <text dy="0.35em"
                x="15"
                text-anchor="start"
                fill="#71808d"
                font-family="sans-serif"
                font-size="11"
                startangle="0"
                endangle="6.283185307179586"
          >
            5 AM
          </text>
        </g>
      </g>
      <g transform="rotate(90) translate(300,0)">
        <line x1="-290"
              x2="0"
              stroke="rgba(113, 128, 141, .5)"
              style="pointer-events: none;"
        >
        </line>
        <g transform="rotate(-90, 15, 0)">
          <title>
            6 AM
          </title>
          <text dy="0.35em"
                x="15"
                text-anchor="middle"
                fill="#71808d"
                font-family="sans-serif"
                font-size="11"
                startangle="0"
                endangle="6.283185307179586"
          >
            6 AM
          </text>
        </g>
      </g>
      <g transform="rotate(120) translate(300,0)">
        <line x1="-290"
              x2="0"
              stroke="rgba(113, 128, 141, .5)"
              style="pointer-events: none;"
        >
        </line>
        <g transform="rotate(-120, 15, 0)">
          <title>
            7 AM
          </title>
          <text dy="0.35em"
                x="15"
                text-anchor="end"
                fill="#71808d"
                font-family="sans-serif"
                font-size="11"
                startangle="0"
                endangle="6.283185307179586"
          >
            7 AM
          </text>
        </g>
      </g>
      <g transform="rotate(149.99999999999997) translate(300,0)">
        <line x1="-290"
              x2="0"
              stroke="rgba(113, 128, 141, .5)"
              style="pointer-events: none;"
        >
        </line>
        <g transform="rotate(-149.99999999999997, 15, 0)">
          <title>
            8 AM
          </title>
          <text dy="0.35em"
                x="15"
                text-anchor="end"
                fill="#71808d"
                font-family="sans-serif"
                font-size="11"
                startangle="0"
                endangle="6.283185307179586"
          >
            8 AM
          </text>
        </g>
      </g>
      <g transform="rotate(180) translate(300,0)">
        <line x1="-290"
              x2="0"
              stroke="rgba(113, 128, 141, .5)"
              style="pointer-events: none;"
        >
        </line>
        <g transform="rotate(-180, 15, 0)">
          <title>
            9 AM
          </title>
          <text dy="0.35em"
                x="15"
                text-anchor="end"
                fill="#71808d"
                font-family="sans-serif"
                font-size="11"
                startangle="0"
                endangle="6.283185307179586"
          >
            9 AM
          </text>
        </g>
      </g>
      <g transform="rotate(210.00000000000006) translate(300,0)">
        <line x1="-290"
              x2="0"
              stroke="rgba(113, 128, 141, .5)"
              style="pointer-events: none;"
        >
        </line>
        <g transform="rotate(-210.00000000000006, 15, 0)">
          <title>
            10 AM
          </title>
          <text dy="0.35em"
                x="15"
                text-anchor="end"
                fill="#71808d"
                font-family="sans-serif"
                font-size="11"
                startangle="0"
                endangle="6.283185307179586"
          >
            10 AM
          </text>
        </g>
      </g>
      <g transform="rotate(239.99999999999994) translate(300,0)">
        <line x1="-290"
              x2="0"
              stroke="rgba(113, 128, 141, .5)"
              style="pointer-events: none;"
        >
        </line>
        <g transform="rotate(-239.99999999999994, 15, 0)">
          <title>
            11 AM
          </title>
          <text dy="0.35em"
                x="15"
                text-anchor="end"
                fill="#71808d"
                font-family="sans-serif"
                font-size="11"
                startangle="0"
                endangle="6.283185307179586"
          >
            11 AM
          </text>
        </g>
      </g>
      <g transform="rotate(270) translate(300,0)">
        <line x1="-290"
              x2="0"
              stroke="rgba(113, 128, 141, .5)"
              style="pointer-events: none;"
        >
        </line>
        <g transform="rotate(-270, 15, 0)">
          <title>
            12 PM
          </title>
          <text dy="0.35em"
                x="15"
                text-anchor="middle"
                fill="#71808d"
                font-family="sans-serif"
                font-size="11"
                startangle="0"
                endangle="6.283185307179586"
          >
            12 PM
          </text>
        </g>
      </g>
    </g>
  </svg>
</div>
`;
